[2025-11-28 08:13:26] local.ERROR: SQLSTATE[HY000] [1045] Access denied for user 'root'@'localhost' (using password: NO) (Connection: mysql, SQL: delete from `cache`) {"exception":"[object] (Illuminate\\Database\\QueryException(code: 1045): SQLSTATE[HY000] [1045] Access denied for user 'root'@'localhost' (using password: NO) (Connection: mysql, SQL: delete from `cache`) at /home/kukuh/webprojects/bapenda-ai/vendor/laravel/framework/src/Illuminate/Database/Connection.php:824)
[stacktrace]
#0 /home/kukuh/webprojects/bapenda-ai/vendor/laravel/framework/src/Illuminate/Database/Connection.php(978): Illuminate\\Database\\Connection->runQueryCallback()
#1 /home/kukuh/webprojects/bapenda-ai/vendor/laravel/framework/src/Illuminate/Database/Connection.php(957): Illuminate\\Database\\Connection->tryAgainIfCausedByLostConnection()
#2 /home/kukuh/webprojects/bapenda-ai/vendor/laravel/framework/src/Illuminate/Database/Connection.php(780): Illuminate\\Database\\Connection->handleQueryException()
#3 /home/kukuh/webprojects/bapenda-ai/vendor/laravel/framework/src/Illuminate/Database/Connection.php(583): Illuminate\\Database\\Connection->run()
#4 /home/kukuh/webprojects/bapenda-ai/vendor/laravel/framework/src/Illuminate/Database/Connection.php(547): Illuminate\\Database\\Connection->affectingStatement()
#5 /home/kukuh/webprojects/bapenda-ai/vendor/laravel/framework/src/Illuminate/Database/Query/Builder.php(4109): Illuminate\\Database\\Connection->delete()
#6 /home/kukuh/webprojects/bapenda-ai/vendor/laravel/framework/src/Illuminate/Cache/DatabaseStore.php(423): Illuminate\\Database\\Query\\Builder->delete()
#7 /home/kukuh/webprojects/bapenda-ai/vendor/laravel/framework/src/Illuminate/Cache/Repository.php(807): Illuminate\\Cache\\DatabaseStore->flush()
#8 /home/kukuh/webprojects/bapenda-ai/vendor/laravel/framework/src/Illuminate/Cache/Console/ClearCommand.php(68): Illuminate\\Cache\\Repository->__call()
#9 /home/kukuh/webprojects/bapenda-ai/vendor/laravel/framework/src/Illuminate/Container/BoundMethod.php(36): Illuminate\\Cache\\Console\\ClearCommand->handle()
#10 /home/kukuh/webprojects/bapenda-ai/vendor/laravel/framework/src/Illuminate/Container/Util.php(43): Illuminate\\Container\\BoundMethod::Illuminate\\Container\\{closure}()
#11 /home/kukuh/webprojects/bapenda-ai/vendor/laravel/framework/src/Illuminate/Container/BoundMethod.php(96): Illuminate\\Container\\Util::unwrapIfClosure()
#12 /home/kukuh/webprojects/bapenda-ai/vendor/laravel/framework/src/Illuminate/Container/BoundMethod.php(35): Illuminate\\Container\\BoundMethod::callBoundMethod()
#13 /home/kukuh/webprojects/bapenda-ai/vendor/laravel/framework/src/Illuminate/Container/Container.php(836): Illuminate\\Container\\BoundMethod::call()
#14 /home/kukuh/webprojects/bapenda-ai/vendor/laravel/framework/src/Illuminate/Console/Command.php(211): Illuminate\\Container\\Container->call()
#15 /home/kukuh/webprojects/bapenda-ai/vendor/symfony/console/Command/Command.php(318): Illuminate\\Console\\Command->execute()
#16 /home/kukuh/webprojects/bapenda-ai/vendor/laravel/framework/src/Illuminate/Console/Command.php(180): Symfony\\Component\\Console\\Command\\Command->run()
#17 /home/kukuh/webprojects/bapenda-ai/vendor/laravel/framework/src/Illuminate/Console/Concerns/CallsCommands.php(68): Illuminate\\Console\\Command->run()
#18 /home/kukuh/webprojects/bapenda-ai/vendor/laravel/framework/src/Illuminate/Console/Concerns/CallsCommands.php(41): Illuminate\\Console\\Command->runCommand()
#19 /home/kukuh/webprojects/bapenda-ai/vendor/laravel/framework/src/Illuminate/Console/Concerns/CallsCommands.php(53): Illuminate\\Console\\Command->callSilent()
#20 /home/kukuh/webprojects/bapenda-ai/vendor/laravel/framework/src/Illuminate/Foundation/Console/OptimizeClearCommand.php(48): Illuminate\\Console\\Command->callSilently()
#21 /home/kukuh/webprojects/bapenda-ai/vendor/laravel/framework/src/Illuminate/Console/View/Components/Task.php(41): Illuminate\\Foundation\\Console\\OptimizeClearCommand->Illuminate\\Foundation\\Console\\{closure}()
#22 /home/kukuh/webprojects/bapenda-ai/vendor/laravel/framework/src/Illuminate/Console/View/Components/Factory.php(59): Illuminate\\Console\\View\\Components\\Task->render()
#23 /home/kukuh/webprojects/bapenda-ai/vendor/laravel/framework/src/Illuminate/Foundation/Console/OptimizeClearCommand.php(48): Illuminate\\Console\\View\\Components\\Factory->__call()
#24 /home/kukuh/webprojects/bapenda-ai/vendor/laravel/framework/src/Illuminate/Container/BoundMethod.php(36): Illuminate\\Foundation\\Console\\OptimizeClearCommand->handle()
#25 /home/kukuh/webprojects/bapenda-ai/vendor/laravel/framework/src/Illuminate/Container/Util.php(43): Illuminate\\Container\\BoundMethod::Illuminate\\Container\\{closure}()
#26 /home/kukuh/webprojects/bapenda-ai/vendor/laravel/framework/src/Illuminate/Container/BoundMethod.php(96): Illuminate\\Container\\Util::unwrapIfClosure()
#27 /home/kukuh/webprojects/bapenda-ai/vendor/laravel/framework/src/Illuminate/Container/BoundMethod.php(35): Illuminate\\Container\\BoundMethod::callBoundMethod()
#28 /home/kukuh/webprojects/bapenda-ai/vendor/laravel/framework/src/Illuminate/Container/Container.php(836): Illuminate\\Container\\BoundMethod::call()
#29 /home/kukuh/webprojects/bapenda-ai/vendor/laravel/framework/src/Illuminate/Console/Command.php(211): Illuminate\\Container\\Container->call()
#30 /home/kukuh/webprojects/bapenda-ai/vendor/symfony/console/Command/Command.php(318): Illuminate\\Console\\Command->execute()
#31 /home/kukuh/webprojects/bapenda-ai/vendor/laravel/framework/src/Illuminate/Console/Command.php(180): Symfony\\Component\\Console\\Command\\Command->run()
#32 /home/kukuh/webprojects/bapenda-ai/vendor/symfony/console/Application.php(1110): Illuminate\\Console\\Command->run()
#33 /home/kukuh/webprojects/bapenda-ai/vendor/symfony/console/Application.php(359): Symfony\\Component\\Console\\Application->doRunCommand()
#34 /home/kukuh/webprojects/bapenda-ai/vendor/symfony/console/Application.php(194): Symfony\\Component\\Console\\Application->doRun()
#35 /home/kukuh/webprojects/bapenda-ai/vendor/laravel/framework/src/Illuminate/Foundation/Console/Kernel.php(197): Symfony\\Component\\Console\\Application->run()
#36 /home/kukuh/webprojects/bapenda-ai/vendor/laravel/framework/src/Illuminate/Foundation/Application.php(1235): Illuminate\\Foundation\\Console\\Kernel->handle()
#37 /home/kukuh/webprojects/bapenda-ai/artisan(13): Illuminate\\Foundation\\Application->handleCommand()
#38 {main}

[previous exception] [object] (PDOException(code: 1045): SQLSTATE[HY000] [1045] Access denied for user 'root'@'localhost' (using password: NO) at /home/kukuh/webprojects/bapenda-ai/vendor/laravel/framework/src/Illuminate/Database/Connectors/Connector.php:66)
[stacktrace]
#0 /home/kukuh/webprojects/bapenda-ai/vendor/laravel/framework/src/Illuminate/Database/Connectors/Connector.php(66): PDO->__construct()
#1 /home/kukuh/webprojects/bapenda-ai/vendor/laravel/framework/src/Illuminate/Database/Connectors/Connector.php(85): Illuminate\\Database\\Connectors\\Connector->createPdoConnection()
#2 /home/kukuh/webprojects/bapenda-ai/vendor/laravel/framework/src/Illuminate/Database/Connectors/Connector.php(48): Illuminate\\Database\\Connectors\\Connector->tryAgainIfCausedByLostConnection()
#3 /home/kukuh/webprojects/bapenda-ai/vendor/laravel/framework/src/Illuminate/Database/Connectors/MySqlConnector.php(24): Illuminate\\Database\\Connectors\\Connector->createConnection()
#4 /home/kukuh/webprojects/bapenda-ai/vendor/laravel/framework/src/Illuminate/Database/Connectors/ConnectionFactory.php(184): Illuminate\\Database\\Connectors\\MySqlConnector->connect()
#5 [internal function]: Illuminate\\Database\\Connectors\\ConnectionFactory->Illuminate\\Database\\Connectors\\{closure}()
#6 /home/kukuh/webprojects/bapenda-ai/vendor/laravel/framework/src/Illuminate/Database/Connection.php(1230): call_user_func()
#7 /home/kukuh/webprojects/bapenda-ai/vendor/laravel/framework/src/Illuminate/Database/Connection.php(591): Illuminate\\Database\\Connection->getPdo()
#8 /home/kukuh/webprojects/bapenda-ai/vendor/laravel/framework/src/Illuminate/Database/Connection.php(811): Illuminate\\Database\\Connection->Illuminate\\Database\\{closure}()
#9 /home/kukuh/webprojects/bapenda-ai/vendor/laravel/framework/src/Illuminate/Database/Connection.php(978): Illuminate\\Database\\Connection->runQueryCallback()
#10 /home/kukuh/webprojects/bapenda-ai/vendor/laravel/framework/src/Illuminate/Database/Connection.php(957): Illuminate\\Database\\Connection->tryAgainIfCausedByLostConnection()
#11 /home/kukuh/webprojects/bapenda-ai/vendor/laravel/framework/src/Illuminate/Database/Connection.php(780): Illuminate\\Database\\Connection->handleQueryException()
#12 /home/kukuh/webprojects/bapenda-ai/vendor/laravel/framework/src/Illuminate/Database/Connection.php(583): Illuminate\\Database\\Connection->run()
#13 /home/kukuh/webprojects/bapenda-ai/vendor/laravel/framework/src/Illuminate/Database/Connection.php(547): Illuminate\\Database\\Connection->affectingStatement()
#14 /home/kukuh/webprojects/bapenda-ai/vendor/laravel/framework/src/Illuminate/Database/Query/Builder.php(4109): Illuminate\\Database\\Connection->delete()
#15 /home/kukuh/webprojects/bapenda-ai/vendor/laravel/framework/src/Illuminate/Cache/DatabaseStore.php(423): Illuminate\\Database\\Query\\Builder->delete()
#16 /home/kukuh/webprojects/bapenda-ai/vendor/laravel/framework/src/Illuminate/Cache/Repository.php(807): Illuminate\\Cache\\DatabaseStore->flush()
#17 /home/kukuh/webprojects/bapenda-ai/vendor/laravel/framework/src/Illuminate/Cache/Console/ClearCommand.php(68): Illuminate\\Cache\\Repository->__call()
#18 /home/kukuh/webprojects/bapenda-ai/vendor/laravel/framework/src/Illuminate/Container/BoundMethod.php(36): Illuminate\\Cache\\Console\\ClearCommand->handle()
#19 /home/kukuh/webprojects/bapenda-ai/vendor/laravel/framework/src/Illuminate/Container/Util.php(43): Illuminate\\Container\\BoundMethod::Illuminate\\Container\\{closure}()
#20 /home/kukuh/webprojects/bapenda-ai/vendor/laravel/framework/src/Illuminate/Container/BoundMethod.php(96): Illuminate\\Container\\Util::unwrapIfClosure()
#21 /home/kukuh/webprojects/bapenda-ai/vendor/laravel/framework/src/Illuminate/Container/BoundMethod.php(35): Illuminate\\Container\\BoundMethod::callBoundMethod()
#22 /home/kukuh/webprojects/bapenda-ai/vendor/laravel/framework/src/Illuminate/Container/Container.php(836): Illuminate\\Container\\BoundMethod::call()
#23 /home/kukuh/webprojects/bapenda-ai/vendor/laravel/framework/src/Illuminate/Console/Command.php(211): Illuminate\\Container\\Container->call()
#24 /home/kukuh/webprojects/bapenda-ai/vendor/symfony/console/Command/Command.php(318): Illuminate\\Console\\Command->execute()
#25 /home/kukuh/webprojects/bapenda-ai/vendor/laravel/framework/src/Illuminate/Console/Command.php(180): Symfony\\Component\\Console\\Command\\Command->run()
#26 /home/kukuh/webprojects/bapenda-ai/vendor/laravel/framework/src/Illuminate/Console/Concerns/CallsCommands.php(68): Illuminate\\Console\\Command->run()
#27 /home/kukuh/webprojects/bapenda-ai/vendor/laravel/framework/src/Illuminate/Console/Concerns/CallsCommands.php(41): Illuminate\\Console\\Command->runCommand()
#28 /home/kukuh/webprojects/bapenda-ai/vendor/laravel/framework/src/Illuminate/Console/Concerns/CallsCommands.php(53): Illuminate\\Console\\Command->callSilent()
#29 /home/kukuh/webprojects/bapenda-ai/vendor/laravel/framework/src/Illuminate/Foundation/Console/OptimizeClearCommand.php(48): Illuminate\\Console\\Command->callSilently()
#30 /home/kukuh/webprojects/bapenda-ai/vendor/laravel/framework/src/Illuminate/Console/View/Components/Task.php(41): Illuminate\\Foundation\\Console\\OptimizeClearCommand->Illuminate\\Foundation\\Console\\{closure}()
#31 /home/kukuh/webprojects/bapenda-ai/vendor/laravel/framework/src/Illuminate/Console/View/Components/Factory.php(59): Illuminate\\Console\\View\\Components\\Task->render()
#32 /home/kukuh/webprojects/bapenda-ai/vendor/laravel/framework/src/Illuminate/Foundation/Console/OptimizeClearCommand.php(48): Illuminate\\Console\\View\\Components\\Factory->__call()
#33 /home/kukuh/webprojects/bapenda-ai/vendor/laravel/framework/src/Illuminate/Container/BoundMethod.php(36): Illuminate\\Foundation\\Console\\OptimizeClearCommand->handle()
#34 /home/kukuh/webprojects/bapenda-ai/vendor/laravel/framework/src/Illuminate/Container/Util.php(43): Illuminate\\Container\\BoundMethod::Illuminate\\Container\\{closure}()
#35 /home/kukuh/webprojects/bapenda-ai/vendor/laravel/framework/src/Illuminate/Container/BoundMethod.php(96): Illuminate\\Container\\Util::unwrapIfClosure()
#36 /home/kukuh/webprojects/bapenda-ai/vendor/laravel/framework/src/Illuminate/Container/BoundMethod.php(35): Illuminate\\Container\\BoundMethod::callBoundMethod()
#37 /home/kukuh/webprojects/bapenda-ai/vendor/laravel/framework/src/Illuminate/Container/Container.php(836): Illuminate\\Container\\BoundMethod::call()
#38 /home/kukuh/webprojects/bapenda-ai/vendor/laravel/framework/src/Illuminate/Console/Command.php(211): Illuminate\\Container\\Container->call()
#39 /home/kukuh/webprojects/bapenda-ai/vendor/symfony/console/Command/Command.php(318): Illuminate\\Console\\Command->execute()
#40 /home/kukuh/webprojects/bapenda-ai/vendor/laravel/framework/src/Illuminate/Console/Command.php(180): Symfony\\Component\\Console\\Command\\Command->run()
#41 /home/kukuh/webprojects/bapenda-ai/vendor/symfony/console/Application.php(1110): Illuminate\\Console\\Command->run()
#42 /home/kukuh/webprojects/bapenda-ai/vendor/symfony/console/Application.php(359): Symfony\\Component\\Console\\Application->doRunCommand()
#43 /home/kukuh/webprojects/bapenda-ai/vendor/symfony/console/Application.php(194): Symfony\\Component\\Console\\Application->doRun()
#44 /home/kukuh/webprojects/bapenda-ai/vendor/laravel/framework/src/Illuminate/Foundation/Console/Kernel.php(197): Symfony\\Component\\Console\\Application->run()
#45 /home/kukuh/webprojects/bapenda-ai/vendor/laravel/framework/src/Illuminate/Foundation/Application.php(1235): Illuminate\\Foundation\\Console\\Kernel->handle()
#46 /home/kukuh/webprojects/bapenda-ai/artisan(13): Illuminate\\Foundation\\Application->handleCommand()
#47 {main}
"} 
